// Jest Snapshot v1, https://goo.gl/fbAQLP

exports[`PageNotFound component PageNotFound renders correctly: PageNotFound 1`] = `
<DocumentFragment>
  <div
    class="no-match-wrapper"
  >
    <h1>
      404
    </h1>
    <h2>
      Ups, not found!
    </h2>
  </div>
</DocumentFragment>
`;
