// Jest Snapshot v1, https://goo.gl/fbAQLP

exports[`Footer component Footer should take a snapshot: Footer 1`] = `
<DocumentFragment>
  <div
    class="footer"
    role="contentinfo"
  >
    <a
      href="https://github.com/SW999/speech-cards"
      rel="nofollow"
      title="Github page"
    >
      <img
        alt="github"
        height="24"
        src="[object Object]"
        width="24"
      />
    </a>
    Â Â Â |Â Â Â Â© SW999 2020Â Â Â |Â Â Â v. 1.0.0Â Â Â |Â Â Â 
    <a
      href="mailto:swarog2002@mail.ru?subject=Speech%20cards"
      rel="noopener noreferrer"
      target="_blank"
      title="Email me"
    >
      <span
        aria-label="email me"
        role="img"
      >
        ðŸ“§
      </span>
    </a>
  </div>
</DocumentFragment>
`;
