// Jest Snapshot v1, https://goo.gl/fbAQLP

exports[`Loading component Loading should take a snapshot: Loading 1`] = `
<DocumentFragment>
  <div
    class="loading"
  >
    <h1>
      Loading ...
    </h1>
  </div>
</DocumentFragment>
`;
